SUMMARY OF C0NVERGENCE INFORMATION
  STEP   INC  ATT   ITER     CONT.   RESID.        CORR.      RESID.      CORR.
                              EL.    FORCE         DISP       FLUX        TEMP.
                              (#)     (%)           (%)        (%)         (%)
     1     1     1     1        0  0.0000E+00  0.0000E+00  0.2856E+04  0.1000E+03
     1     1     1     2        0  0.0000E+00  0.0000E+00  0.0000E+00  0.3860E-09
     1     2     1     1        0  0.0000E+00  0.0000E+00  0.1256E+03  0.1000E+03
     1     2     1     2        0  0.0000E+00  0.0000E+00  0.0000E+00  0.2132E-09
     1     3     1     1        0  0.0000E+00  0.0000E+00  0.1019E+03  0.1000E+03
     1     3     1     2        0  0.0000E+00  0.0000E+00  0.0000E+00  0.2764E-12
     1     4     1     1        0  0.0000E+00  0.0000E+00  0.8143E+02  0.1000E+03
     1     4     1     2        0  0.0000E+00  0.0000E+00  0.0000E+00  0.3153E-12
     1     5     1     1        0  0.0000E+00  0.0000E+00  0.6368E+02  0.1000E+03
     1     5     1     2        0  0.0000E+00  0.0000E+00  0.0000E+00  0.3556E-12
     1     6     1     1        0  0.0000E+00  0.0000E+00  0.1022E+03  0.1000E+03
     1     6     1     2        0  0.0000E+00  0.0000E+00  0.0000E+00  0.4160E-12
     1     7     1     1        0  0.0000E+00  0.0000E+00  0.1325E+03  0.1000E+03
     1     7     1     2        0  0.0000E+00  0.0000E+00  0.0000E+00  0.4852E-12
     1     8     1     1        0  0.0000E+00  0.0000E+00  0.1478E+03  0.1000E+03
     1     8     1     2        0  0.0000E+00  0.0000E+00  0.0000E+00  0.7097E-12
     1     9     1     1        0  0.0000E+00  0.0000E+00  0.1534E+03  0.1000E+03
     1     9     1     2        0  0.0000E+00  0.0000E+00  0.0000E+00  0.7793E-12
     1    10     1     1        0  0.0000E+00  0.0000E+00  0.1543E+03  0.1000E+03
     1    10     1     2        0  0.0000E+00  0.0000E+00  0.0000E+00  0.7039E-12
     1    11     1     1        0  0.0000E+00  0.0000E+00  0.1549E+03  0.1000E+03
     1    11     1     2        0  0.0000E+00  0.0000E+00  0.0000E+00  0.8743E-12
