SUMMARY OF C0NVERGENCE INFORMATION
  STEP   INC  ATT   ITER     CONT.   RESID.        CORR.      RESID.      CORR.
                              EL.    FORCE         DISP       FLUX        TEMP.
                              (#)     (%)           (%)        (%)         (%)
     1     1     1     1        0  0.0000E+00  0.0000E+00  0.2638E+04  0.1000E+03
     1     1     1     2        0  0.0000E+00  0.0000E+00  0.0000E+00  0.1721E-11
     1     2     1     1        0  0.0000E+00  0.0000E+00  0.1313E+03  0.1000E+03
     1     2     1     2        0  0.0000E+00  0.0000E+00  0.0000E+00  0.2421E-10
     1     3     1     1        0  0.0000E+00  0.0000E+00  0.1640E+02  0.1000E+03
     1     3     1     2        0  0.0000E+00  0.0000E+00  0.0000E+00  0.5416E-09
     1     4     1     1        0  0.0000E+00  0.0000E+00  0.2147E+02  0.1000E+03
     1     4     1     2        0  0.0000E+00  0.0000E+00  0.0000E+00  0.9045E-11
     1     5     1     1        0  0.0000E+00  0.0000E+00  0.2629E+02  0.1000E+03
     1     5     1     2        0  0.0000E+00  0.0000E+00  0.0000E+00  0.5928E-11
     1     6     1     1        0  0.0000E+00  0.0000E+00  0.3080E+02  0.1000E+03
     1     6     1     2        0  0.0000E+00  0.0000E+00  0.0000E+00  0.4412E-11
     1     7     1     1        0  0.0000E+00  0.0000E+00  0.3492E+02  0.1000E+03
     1     7     1     2        0  0.0000E+00  0.0000E+00  0.0000E+00  0.3320E-11
     1     8     1     1        0  0.0000E+00  0.0000E+00  0.3860E+02  0.1000E+03
     1     8     1     2        0  0.0000E+00  0.0000E+00  0.0000E+00  0.3362E-11
     1     9     1     1        0  0.0000E+00  0.0000E+00  0.4203E+02  0.1000E+03
     1     9     1     2        0  0.0000E+00  0.0000E+00  0.0000E+00  0.2154E-11
     1    10     1     1        0  0.0000E+00  0.0000E+00  0.4521E+02  0.1000E+03
     1    10     1     2        0  0.0000E+00  0.0000E+00  0.0000E+00  0.2360E-11
     1    11     1     1        0  0.0000E+00  0.0000E+00  0.4833E+02  0.1000E+03
     1    11     1     2        0  0.0000E+00  0.0000E+00  0.0000E+00  0.3471E-11
