SUMMARY OF C0NVERGENCE INFORMATION
  STEP   INC  ATT   ITER     CONT.   RESID.        CORR.      RESID.      CORR.
                              EL.    FORCE         DISP       FLUX        TEMP.
                              (#)     (%)           (%)        (%)         (%)
     1     1     1     1        0  0.0000E+00  0.0000E+00  0.2178E+04  0.1000E+03
     1     1     1     2        0  0.0000E+00  0.0000E+00  0.0000E+00  0.1781E-11
     1     2     1     1        0  0.0000E+00  0.0000E+00  0.1619E+03  0.1000E+03
     1     2     1     2        0  0.0000E+00  0.0000E+00  0.0000E+00  0.1687E-10
     1     3     1     1        0  0.0000E+00  0.0000E+00  0.1617E+02  0.1000E+03
     1     3     1     2        0  0.0000E+00  0.0000E+00  0.0000E+00  0.6025E-09
     1     4     1     1        0  0.0000E+00  0.0000E+00  0.2120E+02  0.1000E+03
     1     4     1     2        0  0.0000E+00  0.0000E+00  0.0000E+00  0.8227E-11
     1     5     1     1        0  0.0000E+00  0.0000E+00  0.2598E+02  0.1000E+03
     1     5     1     2        0  0.0000E+00  0.0000E+00  0.0000E+00  0.5529E-11
     1     6     1     1        0  0.0000E+00  0.0000E+00  0.3047E+02  0.1000E+03
     1     6     1     2        0  0.0000E+00  0.0000E+00  0.0000E+00  0.6110E-11
     1     7     1     1        0  0.0000E+00  0.0000E+00  0.3454E+02  0.1000E+03
     1     7     1     2        0  0.0000E+00  0.0000E+00  0.0000E+00  0.2576E-11
     1     8     1     1        0  0.0000E+00  0.0000E+00  0.3815E+02  0.1000E+03
     1     8     1     2        0  0.0000E+00  0.0000E+00  0.0000E+00  0.7924E-11
     1     9     1     1        0  0.0000E+00  0.0000E+00  0.4150E+02  0.1000E+03
     1     9     1     2        0  0.0000E+00  0.0000E+00  0.0000E+00  0.2358E-11
     1    10     1     1        0  0.0000E+00  0.0000E+00  0.4460E+02  0.1000E+03
     1    10     1     2        0  0.0000E+00  0.0000E+00  0.0000E+00  0.2101E-11
     1    11     1     1        0  0.0000E+00  0.0000E+00  0.4767E+02  0.1000E+03
     1    11     1     2        0  0.0000E+00  0.0000E+00  0.0000E+00  0.3162E-11
