SUMMARY OF C0NVERGENCE INFORMATION
  STEP   INC  ATT   ITER     CONT.   RESID.        CORR.      RESID.      CORR.
                              EL.    FORCE         DISP       FLUX        TEMP.
                              (#)     (%)           (%)        (%)         (%)
     1     1     1     1        0  0.0000E+00  0.0000E+00  0.1405E+04  0.1000E+03
     1     1     1     2        0  0.0000E+00  0.0000E+00  0.0000E+00  0.3482E-12
     1     2     1     1        0  0.0000E+00  0.0000E+00  0.1149E+03  0.1000E+03
     1     2     1     2        0  0.0000E+00  0.0000E+00  0.0000E+00  0.2524E-09
     1     3     1     1        0  0.0000E+00  0.0000E+00  0.7361E+02  0.1000E+03
     1     3     1     2        0  0.0000E+00  0.0000E+00  0.0000E+00  0.5660E-12
     1     4     1     1        0  0.0000E+00  0.0000E+00  0.9082E+02  0.1000E+03
     1     4     1     2        0  0.0000E+00  0.0000E+00  0.0000E+00  0.7090E-12
     1     5     1     1        0  0.0000E+00  0.0000E+00  0.9870E+02  0.1000E+03
     1     5     1     2        0  0.0000E+00  0.0000E+00  0.0000E+00  0.4789E-12
     1     6     1     1        0  0.0000E+00  0.0000E+00  0.9822E+02  0.1000E+03
     1     6     1     2        0  0.0000E+00  0.0000E+00  0.0000E+00  0.5001E-12
     1     7     1     1        0  0.0000E+00  0.0000E+00  0.8944E+02  0.1000E+03
     1     7     1     2        0  0.0000E+00  0.0000E+00  0.0000E+00  0.5192E-12
     1     8     1     1        0  0.0000E+00  0.0000E+00  0.7567E+02  0.1000E+03
     1     8     1     2        0  0.0000E+00  0.0000E+00  0.0000E+00  0.5988E-12
     1     9     1     1        0  0.0000E+00  0.0000E+00  0.6336E+02  0.1000E+03
     1     9     1     2        0  0.0000E+00  0.0000E+00  0.0000E+00  0.5573E-12
     1    10     1     1        0  0.0000E+00  0.0000E+00  0.5262E+02  0.1000E+03
     1    10     1     2        0  0.0000E+00  0.0000E+00  0.0000E+00  0.7272E-12
     1    11     1     1        0  0.0000E+00  0.0000E+00  0.4534E+02  0.1000E+03
     1    11     1     2        0  0.0000E+00  0.0000E+00  0.0000E+00  0.1075E-11
