SUMMARY OF C0NVERGENCE INFORMATION
  STEP   INC  ATT   ITER     CONT.   RESID.        CORR.      RESID.      CORR.
                              EL.    FORCE         DISP       FLUX        TEMP.
                              (#)     (%)           (%)        (%)         (%)
     1     1     1     1        0  0.0000E+00  0.0000E+00  0.5430E+03  0.1000E+03
     1     1     1     2        0  0.0000E+00  0.0000E+00  0.0000E+00  0.3013E-12
     1     2     1     1        0  0.0000E+00  0.0000E+00  0.2610E+03  0.1000E+03
     1     2     1     2        0  0.0000E+00  0.0000E+00  0.0000E+00  0.2188E-12
     1     3     1     1        0  0.0000E+00  0.0000E+00  0.1691E+03  0.1000E+03
     1     3     1     2        0  0.0000E+00  0.0000E+00  0.0000E+00  0.2140E-12
     1     4     1     1        0  0.0000E+00  0.0000E+00  0.8642E+02  0.1000E+03
     1     4     1     2        0  0.0000E+00  0.0000E+00  0.0000E+00  0.2996E-12
     1     5     1     1        0  0.0000E+00  0.0000E+00  0.3340E+02  0.1000E+03
     1     5     1     2        0  0.0000E+00  0.0000E+00  0.0000E+00  0.6062E-12
     1     6     1     1        0  0.0000E+00  0.0000E+00  0.9359E+01  0.1000E+03
     1     6     1     2        0  0.0000E+00  0.0000E+00  0.0000E+00  0.1586E-11
     1     7     1     1        0  0.0000E+00  0.0000E+00  0.1850E+01  0.1000E+03
     1     7     1     2        0  0.0000E+00  0.0000E+00  0.0000E+00  0.6159E-11
     1     8     1     1        0  0.0000E+00  0.0000E+00  0.2837E+00  0.1000E+03
     1     8     1     2        0  0.0000E+00  0.0000E+00  0.0000E+00  0.4014E-10
     1     9     1     1        0  0.0000E+00  0.0000E+00  0.4283E-01  0.1000E+03
     1     9     1     2        0  0.0000E+00  0.0000E+00  0.0000E+00  0.3006E-09
     1    10     1     1        0  0.0000E+00  0.0000E+00  0.6386E-02  0.1000E+03
     1    10     1     2        0  0.0000E+00  0.0000E+00  0.0000E+00  0.1995E-08
     1    11     1     1        0  0.0000E+00  0.0000E+00  0.1013E-02  0.1000E+03
     1    11     1     2        0  0.0000E+00  0.0000E+00  0.0000E+00  0.1941E-07
