SUMMARY OF C0NVERGENCE INFORMATION
  STEP   INC  ATT   ITER     CONT.   RESID.        CORR.      RESID.      CORR.
                              EL.    FORCE         DISP       FLUX        TEMP.
                              (#)     (%)           (%)        (%)         (%)
     1     1     1     1        0  0.0000E+00  0.0000E+00  0.3046E+04  0.1000E+03
     1     1     1     2        0  0.0000E+00  0.0000E+00  0.0000E+00  0.3073E-09
     1     2     1     1        0  0.0000E+00  0.0000E+00  0.1300E+03  0.1000E+03
     1     2     1     2        0  0.0000E+00  0.0000E+00  0.0000E+00  0.2446E-09
     1     3     1     1        0  0.0000E+00  0.0000E+00  0.1000E+03  0.1000E+03
     1     3     1     2        0  0.0000E+00  0.0000E+00  0.0000E+00  0.2783E-12
     1     4     1     1        0  0.0000E+00  0.0000E+00  0.7532E+02  0.1000E+03
     1     4     1     2        0  0.0000E+00  0.0000E+00  0.0000E+00  0.2951E-12
     1     5     1     1        0  0.0000E+00  0.0000E+00  0.6745E+02  0.1000E+03
     1     5     1     2        0  0.0000E+00  0.0000E+00  0.0000E+00  0.4022E-12
     1     6     1     1        0  0.0000E+00  0.0000E+00  0.1028E+03  0.1000E+03
     1     6     1     2        0  0.0000E+00  0.0000E+00  0.0000E+00  0.3926E-12
     1     7     1     1        0  0.0000E+00  0.0000E+00  0.1284E+03  0.1000E+03
     1     7     1     2        0  0.0000E+00  0.0000E+00  0.0000E+00  0.5430E-12
     1     8     1     1        0  0.0000E+00  0.0000E+00  0.1399E+03  0.1000E+03
     1     8     1     2        0  0.0000E+00  0.0000E+00  0.0000E+00  0.5530E-12
     1     9     1     1        0  0.0000E+00  0.0000E+00  0.1434E+03  0.1000E+03
     1     9     1     2        0  0.0000E+00  0.0000E+00  0.0000E+00  0.8700E-12
     1    10     1     1        0  0.0000E+00  0.0000E+00  0.1431E+03  0.1000E+03
     1    10     1     2        0  0.0000E+00  0.0000E+00  0.0000E+00  0.7478E-12
     1    11     1     1        0  0.0000E+00  0.0000E+00  0.1430E+03  0.1000E+03
     1    11     1     2        0  0.0000E+00  0.0000E+00  0.0000E+00  0.8668E-12
